american football
AMERICAN FOOTBALL
American Football
auto racing
AUTO RACING
Auto Racing
archery
ARCHERY
Archery
australian rules football
AUSTRALIAN RULES FOOTBALL
Australian Rules Football
billiards
BILLIARDS
Billiards
baseball
BASEBALL
Baseball
basketball
BASKETBALL
Basketball
badminton
BADMINTON
Badminton
bouldering
BOULDERING
Bouldering
bowling
BOWLING
Bowling
boxing
BOXING
Boxing
bowls
BOWLS
Bowls
bocce
BOCCE
Bocce
bodybuilding
BODYBUILDING
Bodybuilding
biathlon
BIATHLON
Biathlon
bandy
BANDY
Bandy
chess
CHESS
Chess
caving
CAVING
Caving
climbing
CLIMBING
Climbing
cycling
CYCLING
Cycling
croquet
CROQUET
Croquet
curling
CURLING
Curling
cross-country skiing
CROSS-COUNTRY SKIING
Cross-country Skiing
cheerleading
CHEERLEADING
Cheerleading
college football
COLLEGE FOOTBALL
College Football
canadian football
CANADIAN FOOTBALL
Canadian Football
disc golf
DISC GOLF
Disc Golf
drag racing
DRAG RACING
Drag Racing
diving
DIVING
Diving
discus throw
DISCUS THROW
Discus Throw
football
FOOTBALL
Football
formula one
FORMULA ONE
Formula One
field hockey
FIELD HOCKEY
Field Hockey
fencing
FENCING
Fencing
figure skating
FIGURE SKATING
Figure Skating
floorball
FLOORBALL
Floorball
golf
GOLF
Golf
gymnastics
GYMNASTICS
Gymnastics
team handball
TEAM HANDBALL
Team Handball
high jump
HIGH JUMP
High Jump
hang gliding
HANG GLIDING
Hang Gliding
hockey
HOCKEY
Hockey
ice hockey
ICE HOCKEY
Ice Hockey
ice skating
ICE SKATING
Ice Skating
judo
JUDO
Judo
javelin throw
JAVELIN THROW
Javelin Throw
karate
KARATE
Karate
korfball
KORFBALL
Korfball
kabaddi
KABADDI
Kabaddi
lacrosse
LACROSSE
Lacrosse
long jump
LONG JUMP
Long Jump
martial arts
MARTIAL ARTS
Martial Arts
muay thai
MUAY THAI
Muay Thai
mountaineering
MOUNTAINEERING
Mountaineering
netball
NETBALL
Netball
nine ball
NINE BALL
Nine Ball
orienteering
ORIENTEERING
Orienteering
pole vault
POLE VAULT
Pole Vault
polo
POLO
Polo
professional wrestling
PROFESSIONAL WRESTLING
Professional Wrestling
rugby football
RUGBY FOOTBALL
Rugby Football
rugby union
RUGBY UNION
Rugby Union
rugby league
RUGBY LEAGUE
Rugby League
rowing
ROWING
Rowing
tug of war
TUG OF WAR
Tug Of War
running
RUNNING
Running
roller hockey
ROLLER HOCKEY
Roller Hockey
snooker
SNOOKER
Snooker
sailing
SAILING
Sailing
synchronized swimming
SYNCHRONIZED SWIMMING
Synchronized Swimming
swimming
SWIMMING
Swimming
skateboarding
SKATEBOARDING
Skateboarding
speed skating
SPEED SKATING
Speed Skating
surfing
SURFING
Surfing
shot put
SHOT PUT
Shot Put
skiing
SKIING
Skiing
shooting sports
SHOOTING SPORTS
Shooting Sports
tennis
TENNIS
Tennis
taekwondo
TAEKWONDO
Taekwondo
trail riding
TRAIL RIDING
Trail Riding
table tennis
TABLE TENNIS
Table Tennis
track cycling
TRACK CYCLING
Track Cycling
keirin
KEIRIN
Keirin
triple jump
TRIPLE JUMP
Triple Jump
triathlon
TRIATHLON
Triathlon
ultimate
ULTIMATE
Ultimate
unicycling
UNICYCLING
Unicycling
volleyball
VOLLEYBALL
Volleyball
weightlifting
WEIGHTLIFTING
Weightlifting
wakeboarding
WAKEBOARDING
Wakeboarding
show jumping
SHOW JUMPING
Show Jumping
gaelic football
GAELIC FOOTBALL
Gaelic Football
luge
LUGE
Luge
snowboarding
SNOWBOARDING
Snowboarding
water skiing
WATER SKIING
Water Skiing
racquetball
RACQUETBALL
Racquetball
alpine skiing
ALPINE SKIING
Alpine Skiing
bobsleigh
BOBSLEIGH
Bobsleigh
cricket
CRICKET
Cricket
nordic combined
NORDIC COMBINED
Nordic Combined
ski jumping
SKI JUMPING
Ski Jumping
freestyle skiing
FREESTYLE SKIING
Freestyle Skiing
short track speed skating
SHORT TRACK SPEED SKATING
Short Track Speed Skating
track and field athletics
TRACK AND FIELD ATHLETICS
Track And Field Athletics
hammer throw
HAMMER THROW
Hammer Throw
decathlon
DECATHLON
Decathlon
bungee jumping
BUNGEE JUMPING
Bungee Jumping
water polo
WATER POLO
Water Polo
dressage
DRESSAGE
Dressage
eventing
EVENTING
Eventing
marathon
MARATHON
Marathon
sumo
SUMO
Sumo
squash
SQUASH
Squash
racquet
RACQUET
Racquet
modern pentathlon
MODERN PENTATHLON
Modern Pentathlon
grand prix motorcycle racing
GRAND PRIX MOTORCYCLE RACING
Grand Prix Motorcycle Racing
mountain unicycling
MOUNTAIN UNICYCLING
Mountain Unicycling
paragliding
PARAGLIDING
Paragliding
powerlifting
POWERLIFTING
Powerlifting
boules
BOULES
Boules
rounders
ROUNDERS
Rounders
hurling
HURLING
Hurling
shinty
SHINTY
Shinty
camogie
CAMOGIE
Camogie
equestrianism
EQUESTRIANISM
Equestrianism
horse racing
HORSE RACING
Horse Racing
softball
SOFTBALL
Softball
yacht racing
YACHT RACING
Yacht Racing
street basketball
STREET BASKETBALL
Street Basketball
sprint
SPRINT
Sprint
middle distance track event
MIDDLE DISTANCE TRACK EVENT
Middle Distance Track Event
long-distance track event
LONG-DISTANCE TRACK EVENT
Long-distance Track Event
skeleton
SKELETON
Skeleton
paintball
PAINTBALL
Paintball
guts frisbee
GUTS FRISBEE
Guts Frisbee
airsoft
AIRSOFT
Airsoft
nordic skiing
NORDIC SKIING
Nordic Skiing
eton wall game
ETON WALL GAME
Eton Wall Game
hurdling
HURDLING
Hurdling
extreme ironing
EXTREME IRONING
Extreme Ironing
futsal
FUTSAL
Futsal
mountain biking
MOUNTAIN BIKING
Mountain Biking
rhythmic gymnastics
RHYTHMIC GYMNASTICS
Rhythmic Gymnastics
harness racing
HARNESS RACING
Harness Racing
jeu de paume
JEU DE PAUME
Jeu De Paume
trampolining
TRAMPOLINING
Trampolining
paralympic table tennis
PARALYMPIC TABLE TENNIS
Paralympic Table Tennis
kitesurfing
KITESURFING
Kitesurfing
ten-pin bowling
TEN-PIN BOWLING
Ten-pin Bowling
eton fives
ETON FIVES
Eton Fives
footbag
FOOTBAG
Footbag
fly fishing
FLY FISHING
Fly Fishing
windsurfing
WINDSURFING
Windsurfing
parkour
PARKOUR
Parkour
beach volleyball
BEACH VOLLEYBALL
Beach Volleyball
mixed martial arts
MIXED MARTIAL ARTS
Mixed Martial Arts
roller skating
ROLLER SKATING
Roller Skating
artistic gymnastics
ARTISTIC GYMNASTICS
Artistic Gymnastics
arena football
ARENA FOOTBALL
Arena Football
real tennis
REAL TENNIS
Real Tennis
fives
FIVES
Fives
box lacrosse
BOX LACROSSE
Box Lacrosse
jai alai
JAI ALAI
Jai Alai
inline speed skating
INLINE SPEED SKATING
Inline Speed Skating
pentathlon
PENTATHLON
Pentathlon
chariot racing
CHARIOT RACING
Chariot Racing
english billiards
ENGLISH BILLIARDS
English Billiards
free-diving
FREE-DIVING
Free-diving
canoeing
CANOEING
Canoeing
sepak takraw
SEPAK TAKRAW
Sepak Takraw
heptathlon
HEPTATHLON
Heptathlon
tee ball
TEE BALL
Tee Ball
kurash
KURASH
Kurash
jujutsu
JUJUTSU
Jujutsu
cross country running
CROSS COUNTRY RUNNING
Cross Country Running
caber toss
CABER TOSS
Caber Toss
roque
ROQUE
Roque
ice climbing
ICE CLIMBING
Ice Climbing
medley swimming
MEDLEY SWIMMING
Medley Swimming
dancesport
DANCESPORT
Dancesport
bmx racing
BMX RACING
Bmx Racing
wheelchair tennis
WHEELCHAIR TENNIS
Wheelchair Tennis
ulama game
ULAMA GAME
Ulama Game
dog agility
DOG AGILITY
Dog Agility
indoor soccer
INDOOR SOCCER
Indoor Soccer
american handball
AMERICAN HANDBALL
American Handball
water sport
WATER SPORT
Water Sport
underwater hockey
UNDERWATER HOCKEY
Underwater Hockey
jump rope
JUMP ROPE
Jump Rope
sandlot ball
SANDLOT BALL
Sandlot Ball
wok racing
WOK RACING
Wok Racing
eton field game
ETON FIELD GAME
Eton Field Game
wheelchair rugby
WHEELCHAIR RUGBY
Wheelchair Rugby
ultramarathon
ULTRAMARATHON
Ultramarathon
squash tennis
SQUASH TENNIS
Squash Tennis
cross-country equestrianism
CROSS-COUNTRY EQUESTRIANISM
Cross-country Equestrianism
women's lacrosse
WOMEN'S LACROSSE
Women's Lacrosse
miniature golf
MINIATURE GOLF
Miniature Golf
kwik cricket
KWIK CRICKET
Kwik Cricket
indoor football
INDOOR FOOTBALL
Indoor Football
collegiate wrestling
COLLEGIATE WRESTLING
Collegiate Wrestling
trampoline
TRAMPOLINE
Trampoline
quadrathlon
QUADRATHLON
Quadrathlon
knife throwing
KNIFE THROWING
Knife Throwing
women's basketball
WOMEN'S BASKETBALL
Women's Basketball
broomball
BROOMBALL
Broomball
slalom canoeing
SLALOM CANOEING
Slalom Canoeing
wrestling
WRESTLING
Wrestling
college basketball
COLLEGE BASKETBALL
College Basketball
rink hockey
RINK HOCKEY
Rink Hockey
sport climbing
SPORT CLIMBING
Sport Climbing
international rules football
INTERNATIONAL RULES FOOTBALL
International Rules Football
mountain boarding
MOUNTAIN BOARDING
Mountain Boarding
roller derby
ROLLER DERBY
Roller Derby
tetherball
TETHERBALL
Tetherball
greco-roman wrestling
GRECO-ROMAN WRESTLING
Greco-roman Wrestling
wheelchair basketball
WHEELCHAIR BASKETBALL
Wheelchair Basketball
backpacking
BACKPACKING
Backpacking
cyclo-cross
CYCLO-CROSS
Cyclo-cross
bicycle racing
BICYCLE RACING
Bicycle Racing
town ball
TOWN BALL
Town Ball
cowboy action shooting
COWBOY ACTION SHOOTING
Cowboy Action Shooting
stickball
STICKBALL
Stickball
dodge frisbee
DODGE FRISBEE
Dodge Frisbee
pilota
PILOTA
Pilota
freestyle frisbee
FREESTYLE FRISBEE
Freestyle Frisbee
rock climbing
ROCK CLIMBING
Rock Climbing
race walking
RACE WALKING
Race Walking
women's athletics, pentathlon
WOMEN'S ATHLETICS, PENTATHLON
Women's Athletics, Pentathlon
sheaf toss
SHEAF TOSS
Sheaf Toss
paddle tennis
PADDLE TENNIS
Paddle Tennis
goalball
GOALBALL
Goalball
long track speed skating
LONG TRACK SPEED SKATING
Long Track Speed Skating
tchoukball
TCHOUKBALL
Tchoukball
indoor field hockey
INDOOR FIELD HOCKEY
Indoor Field Hockey
boccia
BOCCIA
Boccia
pesäpallo
PESÄPALLO
Pesäpallo
rugby league nines
RUGBY LEAGUE NINES
Rugby League Nines
vovinam
VOVINAM
Vovinam
bat and trap
BAT AND TRAP
Bat And Trap
harrow football
HARROW FOOTBALL
Harrow Football
extreme unicycling
EXTREME UNICYCLING
Extreme Unicycling
cycle ball
CYCLE BALL
Cycle Ball
freestyle wrestling
FREESTYLE WRESTLING
Freestyle Wrestling
stoolball
STOOLBALL
Stoolball
wiffleball
WIFFLEBALL
Wiffleball
goaltimate
GOALTIMATE
Goaltimate
scuba diving
SCUBA DIVING
Scuba Diving
speed golf
SPEED GOLF
Speed Golf
golfcross
GOLFCROSS
Golfcross
pocket billiards
POCKET BILLIARDS
Pocket Billiards
trap shooting
TRAP SHOOTING
Trap Shooting
oina
OINA
Oina
pärk
PÄRK
Pärk
college baseball
COLLEGE BASEBALL
College Baseball
shoot boxing
SHOOT BOXING
Shoot Boxing
coasteering
COASTEERING
Coasteering
action shooting
ACTION SHOOTING
Action Shooting
bowling pin shooting
BOWLING PIN SHOOTING
Bowling Pin Shooting
combat pistol shooting
COMBAT PISTOL SHOOTING
Combat Pistol Shooting
trugo
TRUGO
Trugo
wallyball
WALLYBALL
Wallyball
inline hockey
INLINE HOCKEY
Inline Hockey
ba game
BA GAME
Ba Game
gaelic handball
GAELIC HANDBALL
Gaelic Handball
triple trapeze
TRIPLE TRAPEZE
Triple Trapeze
chinese handball
CHINESE HANDBALL
Chinese Handball
tricking
TRICKING
Tricking
brännboll
BRÄNNBOLL
Brännboll
arm wrestling
ARM WRESTLING
Arm Wrestling
racquets
RACQUETS
Racquets
stické
STICKÉ
Stické
jianzi
JIANZI
Jianzi
angleball
ANGLEBALL
Angleball
competitive eating
COMPETITIVE EATING
Competitive Eating
bladderball
BLADDERBALL
Bladderball
danish longball
DANISH LONGBALL
Danish Longball
combat sport
COMBAT SPORT
Combat Sport
finswimming
FINSWIMMING
Finswimming
real pro wrestling
REAL PRO WRESTLING
Real Pro Wrestling
underwater rugby
UNDERWATER RUGBY
Underwater Rugby
wood chopping
WOOD CHOPPING
Wood Chopping
varma kalai
VARMA KALAI
Varma Kalai
road bicycle racing
ROAD BICYCLE RACING
Road Bicycle Racing
xare
XARE
Xare
downhill cycling
DOWNHILL CYCLING
Downhill Cycling
pallone
PALLONE
Pallone
longue paume
LONGUE PAUME
Longue Paume
powerboating
POWERBOATING
Powerboating
freestyle bmx
FREESTYLE BMX
Freestyle Bmx
flatland bmx
FLATLAND BMX
Flatland Bmx
beach soccer
BEACH SOCCER
Beach Soccer
kho kho
KHO KHO
Kho Kho
frisian handball
FRISIAN HANDBALL
Frisian Handball
pickleball
PICKLEBALL
Pickleball
scholastic wrestling
SCHOLASTIC WRESTLING
Scholastic Wrestling
canoe racing
CANOE RACING
Canoe Racing
ncaa men's swimming and diving championships
NCAA MEN'S SWIMMING AND DIVING CHAMPIONSHIPS
Ncaa Men's Swimming And Diving Championships
weight throw
WEIGHT THROW
Weight Throw
hot box
HOT BOX
Hot Box
free solo climbing
FREE SOLO CLIMBING
Free Solo Climbing
cycle polo
CYCLE POLO
Cycle Polo
benchrest shooting
BENCHREST SHOOTING
Benchrest Shooting
wife carrying
WIFE CARRYING
Wife Carrying
clay pigeon shooting
CLAY PIGEON SHOOTING
Clay Pigeon Shooting
street unicycling
STREET UNICYCLING
Street Unicycling
scurfing
SCURFING
Scurfing
equestrian vaulting
EQUESTRIAN VAULTING
Equestrian Vaulting
tennis polo
TENNIS POLO
Tennis Polo
pington
PINGTON
Pington
ball badminton
BALL BADMINTON
Ball Badminton
logrolling
LOGROLLING
Logrolling
contesting
CONTESTING
Contesting
sipa
SIPA
Sipa
matkot
MATKOT
Matkot
intramural softball
INTRAMURAL SOFTBALL
Intramural Softball
chinlone
CHINLONE
Chinlone
bog snorkelling
BOG SNORKELLING
Bog Snorkelling
british bulldogs
BRITISH BULLDOGS
British Bulldogs
rogaining
ROGAINING
Rogaining
open water swimming
OPEN WATER SWIMMING
Open Water Swimming
pehlwani
PEHLWANI
Pehlwani
cricket spitting
CRICKET SPITTING
Cricket Spitting
chess boxing
CHESS BOXING
Chess Boxing
horseball
HORSEBALL
Horseball
ladies' gaelic football
LADIES' GAELIC FOOTBALL
Ladies' Gaelic Football
water basketball
WATER BASKETBALL
Water Basketball
bossaball
BOSSABALL
Bossaball
speed badminton
SPEED BADMINTON
Speed Badminton
frontenis
FRONTENIS
Frontenis
calva
CALVA
Calva
austus
AUSTUS
Austus
throwball
THROWBALL
Throwball
volata
VOLATA
Volata
first robotics competition
FIRST ROBOTICS COMPETITION
First Robotics Competition
wushu
WUSHU
Wushu
harpastum
HARPASTUM
Harpastum
underwater football
UNDERWATER FOOTBALL
Underwater Football
inbuan wrestling
INBUAN WRESTLING
Inbuan Wrestling
moscow broomball
MOSCOW BROOMBALL
Moscow Broomball
sledge hockey
SLEDGE HOCKEY
Sledge Hockey
intercrosse
INTERCROSSE
Intercrosse
myachi
MYACHI
Myachi
kokpar
KOKPAR
Kokpar
stone put
STONE PUT
Stone Put
professional boxing
PROFESSIONAL BOXING
Professional Boxing
peteca
PETECA
Peteca
hand cricket
HAND CRICKET
Hand Cricket
pitch and putt
PITCH AND PUTT
Pitch And Putt
wheelchair curling
WHEELCHAIR CURLING
Wheelchair Curling
wheelchair rugby league
WHEELCHAIR RUGBY LEAGUE
Wheelchair Rugby League
vintage base ball
VINTAGE BASE BALL
Vintage Base Ball
freestyle skydiving
FREESTYLE SKYDIVING
Freestyle Skydiving
hailes
HAILES
Hailes
lapta
LAPTA
Lapta
steeplechase
STEEPLECHASE
Steeplechase
fistball
FISTBALL
Fistball
rope climbing
ROPE CLIMBING
Rope Climbing
tent pegging
TENT PEGGING
Tent Pegging
beach rugby
BEACH RUGBY
Beach Rugby
footbag net
FOOTBAG NET
Footbag Net
bolas criollas
BOLAS CRIOLLAS
Bolas Criollas
futebol de salão
FUTEBOL DE SALÃO
Futebol De Salão
padel tennis
PADEL TENNIS
Padel Tennis
biribol
BIRIBOL
Biribol
segway polo
SEGWAY POLO
Segway Polo
speed-ball
SPEED-BALL
Speed-ball
freebord
FREEBORD
Freebord
exhibition shooting
EXHIBITION SHOOTING
Exhibition Shooting
roller sport
ROLLER SPORT
Roller Sport
beachball volleyball
BEACHBALL VOLLEYBALL
Beachball Volleyball
cammag
CAMMAG
Cammag
miniten
MINITEN
Miniten
jukskei
JUKSKEI
Jukskei
laser clay pigeon shooting
LASER CLAY PIGEON SHOOTING
Laser Clay Pigeon Shooting
double dutch
DOUBLE DUTCH
Double Dutch
paleta fronton
PALETA FRONTON
Paleta Fronton
jugger
JUGGER
Jugger
motorcycling
MOTORCYCLING
Motorcycling
kayaking
KAYAKING
Kayaking
amateur boxing
AMATEUR BOXING
Amateur Boxing
prison handball
PRISON HANDBALL
Prison Handball
paralympic volleyball
PARALYMPIC VOLLEYBALL
Paralympic Volleyball
rinkball
RINKBALL
Rinkball
roller hockey
ROLLER HOCKEY
Roller Hockey
mukna
MUKNA
Mukna
tamburello
TAMBURELLO
Tamburello
stair baseball
STAIR BASEBALL
Stair Baseball
beach handball
BEACH HANDBALL
Beach Handball
powerchair football
POWERCHAIR FOOTBALL
Powerchair Football
crocker
CROCKER
Crocker
ringette
RINGETTE
Ringette
doonee
DOONEE
Doonee
stand up paddle surfing
STAND UP PADDLE SURFING
Stand Up Paddle Surfing
valencian pilota
VALENCIAN PILOTA
Valencian Pilota
viperball
VIPERBALL
Viperball
steinstossen
STEINSTOSSEN
Steinstossen
newcomb ball
NEWCOMB BALL
Newcomb Ball
british baseball
BRITISH BASEBALL
British Baseball
the massachusetts game
THE MASSACHUSETTS GAME
The Massachusetts Game
foosball
FOOSBALL
Foosball
australian handball
AUSTRALIAN HANDBALL
Australian Handball
match rifle shooting
MATCH RIFLE SHOOTING
Match Rifle Shooting
beach tennis
BEACH TENNIS
Beach Tennis
gallery rifle shooting
GALLERY RIFLE SHOOTING
Gallery Rifle Shooting
hardcourt bike polo
HARDCOURT BIKE POLO
Hardcourt Bike Polo
tourball
TOURBALL
Tourball
women's rugby league
WOMEN'S RUGBY LEAGUE
Women's Rugby League
qianball
QIANBALL
Qianball
racketlon
RACKETLON
Racketlon
kiiking
KIIKING
Kiiking
rugby league sevens
RUGBY LEAGUE SEVENS
Rugby League Sevens
competitive trail riding
COMPETITIVE TRAIL RIDING
Competitive Trail Riding
dover-court handball
DOVER-COURT HANDBALL
Dover-court Handball
wheelchair soccer
WHEELCHAIR SOCCER
Wheelchair Soccer
steal the bacon
STEAL THE BACON
Steal The Bacon
composite rules shinty/hurling
COMPOSITE RULES SHINTY/HURLING
Composite Rules Shinty/hurling
kin-ball
KIN-BALL
Kin-ball
reverse handball
REVERSE HANDBALL
Reverse Handball
ubc crew
UBC CREW
Ubc Crew
ice cricket
ICE CRICKET
Ice Cricket
hickory golf
HICKORY GOLF
Hickory Golf
torball
TORBALL
Torball
codeball
CODEBALL
Codeball
wheelchair racing
WHEELCHAIR RACING
Wheelchair Racing
pencak silat
PENCAK SILAT
Pencak Silat
indoor rules
INDOOR RULES
Indoor Rules
international fronton
INTERNATIONAL FRONTON
International Fronton
knotty
KNOTTY
Knotty
pelota mixteca
PELOTA MIXTECA
Pelota Mixteca
rope jumping
ROPE JUMPING
Rope Jumping
hand sack
HAND SACK
Hand Sack
motorcycle racing
MOTORCYCLE RACING
Motorcycle Racing
rapid ball
RAPID BALL
Rapid Ball
recreational fishing
RECREATIONAL FISHING
Recreational Fishing
trap-ball
TRAP-BALL
Trap-ball
prisoner ball
PRISONER BALL
Prisoner Ball
boomerang
BOOMERANG
Boomerang
ear pull
EAR PULL
Ear Pull
two-foot high kick
TWO-FOOT HIGH KICK
Two-foot High Kick
fen skating
FEN SKATING
Fen Skating
golf fitness
GOLF FITNESS
Golf Fitness
masters rugby league
MASTERS RUGBY LEAGUE
Masters Rugby League
fistfight
FISTFIGHT
Fistfight
ufc heavyweight championship
UFC HEAVYWEIGHT CHAMPIONSHIP
Ufc Heavyweight Championship
franz (fuxi) fuchsberger
FRANZ (FUXI) FUCHSBERGER
Franz (fuxi) Fuchsberger
scoutball
SCOUTBALL
Scoutball
lagori
LAGORI
Lagori
wireball
WIREBALL
Wireball
field lacrosse
FIELD LACROSSE
Field Lacrosse
shepherd's leap
SHEPHERD'S LEAP
Shepherd's Leap
inner tube water polo
INNER TUBE WATER POLO
Inner Tube Water Polo
spanish wiffleball
SPANISH WIFFLEBALL
Spanish Wiffleball
aggressive inline skating
AGGRESSIVE INLINE SKATING
Aggressive Inline Skating
water volleyball
WATER VOLLEYBALL
Water Volleyball
cowboy mounted shooting
COWBOY MOUNTED SHOOTING
Cowboy Mounted Shooting
driven grouse shooting
DRIVEN GROUSE SHOOTING
Driven Grouse Shooting
wheelchair football
WHEELCHAIR FOOTBALL
Wheelchair Football
water volleyball
WATER VOLLEYBALL
Water Volleyball
wheelchair fencing
WHEELCHAIR FENCING
Wheelchair Fencing
rosa 'lovely fairy'
ROSA 'LOVELY FAIRY'
Rosa 'lovely Fairy'
planking
PLANKING
Planking
