Baseball
Basketball
Tennis
Ice Hockey
American football
Football
Curling
Luge
Cycling
Shinty
Jai alai
Badminton
Volleyball
Beach volleyball
Cricket
Rugby football
Skiing
Cross-country skiing
Powerlifting
Australian rules football
Rock Climbing
Ice climbing
Racquetball
Squash
Road bicycle racing
Mountain biking
Netball
Fives
American handball
Running
Triathlon
Inline speed skating
Rowing
Swimming
Gymnastics
Hurling
Snowboarding
Tetherball
Roller derby
Skateboarding
Lacrosse
Polo
Water polo
Surfing
Diving
Caving
Jump rope
Finswimming
Roller sport
Powerboating
Korfball
Bowling
Golf
Tug of war
Bandy
Water skiing
Karate
Mountaineering
Billiards
Sumo
DanceSport
Pilota
Boules
Wushu
Orienteering
Racquets
Team handball
Weightlifting
Boxing
Softball
Fencing
Bobsleigh
Roque
Track and field athletics
Judo
Croquet
Ice skating
Table tennis
Sailing
Hockey
Shooting sports
Canoeing
Jeu de paume
Equestrianism
Water sport
Wrestling
Taekwondo
Biathlon
Modern pentathlon
Archery
Roller hockey
Ski jumping
Rhythmic gymnastics
Synchronized swimming
Nordic combined
Skeleton
Dressage
Figure skating
Freestyle wrestling
Alpine skiing
Eventing
Speed skating
Trampoline
Short track speed skating
Artistic gymnastics
Freestyle skiing
Show jumping
Equestrian vaulting
Track cycling
Greco-Roman wrestling
Disc golf
Professional wrestling
Kayaking
Unicycling
Freestyle skydiving
Climbing
Hang gliding
Foosball
College football
Formula One
College basketball
UBC Crew
Snooker
Nine Ball
Pocket billiards
English Billiards
Bungee jumping
Wakeboarding
Field hockey
Ultimate
Oina
Rounders
Stoolball
Lapta
Pesäpallo
Sport climbing
Kitesurfing
Parkour
Mountain unicycling
Extreme unicycling
Street unicycling
boomerang
Chess boxing
Futsal
Gaelic football
Canadian football
Arena football
Indoor football
Indoor soccer
Bicycle racing
Downhill cycling
Bog snorkelling
Rugby union
Rugby league
Horse racing
Mixed martial arts
Austus
Composite rules Shinty/Hurling
International rules football
Ten-pin bowling
Dog agility
Eton Wall Game
Eton Fives
Wife Carrying
Floorball
Roller hockey
Windsurfing
Chess
Scuba diving
Recreational fishing
Fly fishing
Wok racing
Women's lacrosse
Collegiate wrestling
Squash tennis
Broomball
Miniature golf
Slalom canoeing
Town ball
Stickball
Dodge Frisbee
Paddle tennis
Goalball
Tchoukball
Indoor field hockey
Bat and trap
Harrow Football
Cycle ball
Goaltimate
Pärk
Trugo
Wallyball
Inline hockey
Brännboll
Stické
Angleball
Bladderball
Danish longball
Real Pro Wrestling
Underwater rugby
Xare
Pallone
Longue paume
Beach soccer
Kho Kho
Frisian handball
Pickleball
Scholastic wrestling
Canoe racing
Hot Box
Cycle polo
Tennis Polo
Ball badminton
Contesting
Sipa
Matkot
Intramural softball
Chinlone
British bulldogs
Rogaining
Horseball
Water basketball
Bossaball
Speed Badminton
Frontenis
Throwball
Volata
Harpastum
Underwater Football
Moscow broomball
Intercrosse
Kokpar
Hand cricket
Vintage base ball
Hailes
Fistball
Tent pegging
Beach Rugby
Footbag net
Bolas criollas
Futebol de Salão
Padel Tennis
Segway Polo
Speed-ball
Cammag
Jukskei
Paleta Fronton
Jugger
Amateur boxing
Prison handball
Rinkball
Tamburello
Stair baseball
Beach handball
Crocker
Ringette
Doonee
Valencian pilota
Steal the Bacon
Tourball
Hardcourt Bike Polo
Beach tennis
Qianball
Racketlon
Kin-Ball
Ice cricket
Torball
Indoor Rules
International fronton
Knotty
Pelota mixteca
Rapid Ball
Trap-ball
Prisoner Ball
Golf fitness
Fistfight
Scoutball
Lagori
Wireball
Field lacrosse
Pington
Cheerleading
Discus throw
Javelin throw
Kabaddi
Keirin
Camogie
Yacht racing
Guts frisbee
Trampolining
Footbag
Real tennis
Box lacrosse
Sepak Takraw
Tee Ball
Cross country running
Medley swimming
BMX racing
Ulama game
Underwater hockey
Sandlot ball
Viperball
Newcomb ball
British Baseball
The Massachusetts Game
Freestyle BMX
Franz (Fuxi) Fuchsberger
Free solo climbing
Rope jumping
Backpacking
Bocce
Freestyle frisbee
Drag racing
Bouldering
Ultramarathon
Marathon
Pentathlon
Heptathlon
Pehlwani
Free-diving
Shot put
Trail riding
Calva
Kurash
Inbuan Wrestling
Caber toss
Stone put
Professional Boxing
Peteca
Pitch and putt
Hammer throw
Decathlon
Rope climbing
Inner tube water polo
Biribol
Cross-country equestrianism
Miniten
Paragliding
Quadrathlon
Mukna
Steinstossen
Race walking
"Women's Athletics, Pentathlon"
Beachball volleyball
Paralympic volleyball
Long track speed skating
Kiiking
Mountain boarding
Golfcross
Sheaf toss
Wiffleball
Hickory Golf
Vovinam
Spanish Wiffleball
Aggressive inline skating
Scurfing
Speed golf
Competitive trail riding
Kwik cricket
Shepherd's leap
Water volleyball
Shoot boxing
Coasteering
Hand Sack
Myachi
Triple Trapeze
Arm wrestling
Tricking
Jianzi
Competitive eating
Combat sport
Wood chopping
Two-foot high kick
Ear pull
Varma Kalai
Flatland BMX
Stand up paddle surfing
Codeball
Open water swimming
Martial arts
Gaelic handball
Chinese handball
Reverse handball
Dover-Court Handball
Extreme ironing
Motorcycle racing
Cricket spitting
Freebord
Racquet
Australian Handball
Auto racing
Rink hockey
Street basketball
Eton Field Game
Ba game
Rugby league nines
Wheelchair rugby league
Women's rugby league
Rugby league sevens
Masters Rugby League
NCAA Men's Swimming and Diving Championships
Ladies' Gaelic football
Muay Thai
Pencak Silat
Jujutsu
Double Dutch
Cowboy Action Shooting
Trap shooting
Action shooting
Bowling pin shooting
Combat pistol shooting
Benchrest shooting
Clay pigeon shooting
Exhibition shooting
Laser Clay Pigeon Shooting
Match rifle shooting
Gallery rifle shooting
Cowboy Mounted Shooting
Driven grouse shooting
Chariot racing
Bodybuilding
Knife throwing
Grand Prix motorcycle racing
Bowls
Logrolling
Motorcycling
Water Volleyball
Triple jump
Steeplechase
High jump
Hurdling
Long-distance track event
Middle distance track event
Sprint
Pole vault
Long jump
Nordic skiing
UFC Heavyweight Championship
Rosa 'Lovely Fairy'
Paintball
FIRST Robotics Competition
Fen skating
Wheelchair Tennis
Wheelchair basketball
Wheelchair rugby
Wheelchair racing
Powerchair Football
Wheelchair curling
Wheelchair Football
Wheelchair soccer
Wheelchair fencing
Paralympic table tennis
Sledge hockey
Boccia
College baseball
Airsoft
Roller skating
Women's basketball
Cyclo-cross
Weight throw
Planking
Harness racing
